[study/unified-contextual-memory 4990b794] Seal unified-memory reader and judge calibration
 41 files changed, 2347 insertions(+)
 create mode 100644 experiments/unified_contextual_memory/artifacts/evaluation/calibration/arithmetic_0.json
 create mode 100644 experiments/unified_contextual_memory/artifacts/evaluation/calibration/arithmetic_0.request.json
 create mode 100644 experiments/unified_contextual_memory/artifacts/evaluation/calibration/arithmetic_1.json
 create mode 100644 experiments/unified_contextual_memory/artifacts/evaluation/calibration/arithmetic_1.request.json
 create mode 100644 experiments/unified_contextual_memory/artifacts/evaluation/calibration/complete.json
 create mode 100644 experiments/unified_contextual_memory/artifacts/evaluation/calibration/judge_0_9100.json
 create mode 100644 experiments/unified_contextual_memory/artifacts/evaluation/calibration/judge_0_9100.request.json
 create mode 100644 experiments/unified_contextual_memory/artifacts/evaluation/calibration/judge_0_9101.json
 create mode 100644 experiments/unified_contextual_memory/artifacts/evaluation/calibration/judge_0_9101.request.json
 create mode 100644 experiments/unified_contextual_memory/artifacts/evaluation/calibration/judge_0_9102.json
 create mode 100644 experiments/unified_contextual_memory/artifacts/evaluation/calibration/judge_0_9102.request.json
 create mode 100644 experiments/unified_contextual_memory/artifacts/evaluation/calibration/judge_1_9100.json
 create mode 100644 experiments/unified_contextual_memory/artifacts/evaluation/calibration/judge_1_9100.request.json
 create mode 100644 experiments/unified_contextual_memory/artifacts/evaluation/calibration/judge_1_9101.json
 create mode 100644 experiments/unified_contextual_memory/artifacts/evaluation/calibration/judge_1_9101.request.json
 create mode 100644 experiments/unified_contextual_memory/artifacts/evaluation/calibration/judge_1_9102.json
 create mode 100644 experiments/unified_contextual_memory/artifacts/evaluation/calibration/judge_1_9102.request.json
 create mode 100644 experiments/unified_contextual_memory/artifacts/evaluation/calibration/judge_2_9100.json
 create mode 100644 experiments/unified_contextual_memory/artifacts/evaluation/calibration/judge_2_9100.request.json
 create mode 100644 experiments/unified_contextual_memory/artifacts/evaluation/calibration/judge_2_9101.json
 create mode 100644 experiments/unified_contextual_memory/artifacts/evaluation/calibration/judge_2_9101.request.json
 create mode 100644 experiments/unified_contextual_memory/artifacts/evaluation/calibration/judge_2_9102.json
 create mode 100644 experiments/unified_contextual_memory/artifacts/evaluation/calibration/judge_2_9102.request.json
 create mode 100644 experiments/unified_contextual_memory/artifacts/evaluation/calibration/judge_3_9100.json
 create mode 100644 experiments/unified_contextual_memory/artifacts/evaluation/calibration/judge_3_9100.request.json
 create mode 100644 experiments/unified_contextual_memory/artifacts/evaluation/calibration/judge_3_9101.json
 create mode 100644 experiments/unified_contextual_memory/artifacts/evaluation/calibration/judge_3_9101.request.json
 create mode 100644 experiments/unified_contextual_memory/artifacts/evaluation/calibration/judge_3_9102.json
 create mode 100644 experiments/unified_contextual_memory/artifacts/evaluation/calibration/judge_3_9102.request.json
 create mode 100644 experiments/unified_contextual_memory/artifacts/evaluation/calibration/judge_4_9100.json
 create mode 100644 experiments/unified_contextual_memory/artifacts/evaluation/calibration/judge_4_9100.request.json
 create mode 100644 experiments/unified_contextual_memory/artifacts/evaluation/calibration/judge_4_9101.json
 create mode 100644 experiments/unified_contextual_memory/artifacts/evaluation/calibration/judge_4_9101.request.json
 create mode 100644 experiments/unified_contextual_memory/artifacts/evaluation/calibration/judge_4_9102.json
 create mode 100644 experiments/unified_contextual_memory/artifacts/evaluation/calibration/judge_4_9102.request.json
 create mode 100644 experiments/unified_contextual_memory/artifacts/evaluation/calibration/judge_5_9100.json
 create mode 100644 experiments/unified_contextual_memory/artifacts/evaluation/calibration/judge_5_9100.request.json
 create mode 100644 experiments/unified_contextual_memory/artifacts/evaluation/calibration/judge_5_9101.json
 create mode 100644 experiments/unified_contextual_memory/artifacts/evaluation/calibration/judge_5_9101.request.json
 create mode 100644 experiments/unified_contextual_memory/artifacts/evaluation/calibration/judge_5_9102.json
 create mode 100644 experiments/unified_contextual_memory/artifacts/evaluation/calibration/judge_5_9102.request.json
